{
    "Should run with a symbol column other than index": {
        "content": [
            {
                "0": [
                    [
                        {
                            "id": "test"
                        },
                        "test_celltypist.h5ad:md5,ef49126cbbaec817d468f2b196a7cc63"
                    ]
                ],
                "1": [
                    [
                        {
                            "id": "test"
                        },
                        "test_celltypist.pkl:md5,b75851d6e4a34bd2e820234bf466cb8f"
                    ]
                ],
                "2": [
                    "versions.yml:md5,d30822b1ba7cc7a7dc35c749b2353b57"
                ],
                "h5ad": [
                    [
                        {
                            "id": "test"
                        },
                        "test_celltypist.h5ad:md5,ef49126cbbaec817d468f2b196a7cc63"
                    ]
                ],
                "obs": [
                    [
                        {
                            "id": "test"
                        },
                        "test_celltypist.pkl:md5,b75851d6e4a34bd2e820234bf466cb8f"
                    ]
                ],
                "versions": [
                    "versions.yml:md5,d30822b1ba7cc7a7dc35c749b2353b57"
                ]
            }
        ],
        "meta": {
            "nf-test": "0.9.2",
            "nextflow": "25.04.6"
        },
        "timestamp": "2025-07-16T22:04:47.031000281"
    },
    "Should run without failures - stub": {
        "content": [
            {
                "0": [
                    [
                        {
                            "id": "test"
                        },
                        "test_celltypist.h5ad:md5,d41d8cd98f00b204e9800998ecf8427e"
                    ]
                ],
                "1": [
                    [
                        {
                            "id": "test"
                        },
                        "test_celltypist.pkl:md5,d41d8cd98f00b204e9800998ecf8427e"
                    ]
                ],
                "2": [
                    "versions.yml:md5,d41d8cd98f00b204e9800998ecf8427e"
                ],
                "h5ad": [
                    [
                        {
                            "id": "test"
                        },
                        "test_celltypist.h5ad:md5,d41d8cd98f00b204e9800998ecf8427e"
                    ]
                ],
                "obs": [
                    [
                        {
                            "id": "test"
                        },
                        "test_celltypist.pkl:md5,d41d8cd98f00b204e9800998ecf8427e"
                    ]
                ],
                "versions": [
                    "versions.yml:md5,d41d8cd98f00b204e9800998ecf8427e"
                ]
            }
        ],
        "meta": {
            "nf-test": "0.9.0",
            "nextflow": "25.04.2"
        },
        "timestamp": "2025-06-01T22:03:47.365626813"
    },
    "Should run without failures": {
        "content": [
            {
                "0": [
                    [
                        {
                            "id": "test"
                        },
                        "test_celltypist.h5ad:md5,ef49126cbbaec817d468f2b196a7cc63"
                    ]
                ],
                "1": [
                    [
                        {
                            "id": "test"
                        },
                        "test_celltypist.pkl:md5,b75851d6e4a34bd2e820234bf466cb8f"
                    ]
                ],
                "2": [
                    "versions.yml:md5,d30822b1ba7cc7a7dc35c749b2353b57"
                ],
                "h5ad": [
                    [
                        {
                            "id": "test"
                        },
                        "test_celltypist.h5ad:md5,ef49126cbbaec817d468f2b196a7cc63"
                    ]
                ],
                "obs": [
                    [
                        {
                            "id": "test"
                        },
                        "test_celltypist.pkl:md5,b75851d6e4a34bd2e820234bf466cb8f"
                    ]
                ],
                "versions": [
                    "versions.yml:md5,d30822b1ba7cc7a7dc35c749b2353b57"
                ]
            }
        ],
        "meta": {
            "nf-test": "0.9.2",
            "nextflow": "25.04.6"
        },
        "timestamp": "2025-07-13T20:46:52.368038517"
    }
}