{
    "Should run without failures - stub": {
        "content": [
            {
                "0": [
                    [
                        {
                            "id": "test"
                        },
                        "test_scds.h5ad:md5,d41d8cd98f00b204e9800998ecf8427e"
                    ]
                ],
                "1": [
                    [
                        {
                            "id": "test"
                        },
                        "test_scds.csv:md5,d41d8cd98f00b204e9800998ecf8427e"
                    ]
                ],
                "2": [
                    "versions.yml:md5,d41d8cd98f00b204e9800998ecf8427e"
                ],
                "h5ad": [
                    [
                        {
                            "id": "test"
                        },
                        "test_scds.h5ad:md5,d41d8cd98f00b204e9800998ecf8427e"
                    ]
                ],
                "predictions": [
                    [
                        {
                            "id": "test"
                        },
                        "test_scds.csv:md5,d41d8cd98f00b204e9800998ecf8427e"
                    ]
                ],
                "versions": [
                    "versions.yml:md5,d41d8cd98f00b204e9800998ecf8427e"
                ]
            }
        ],
        "meta": {
            "nf-test": "0.9.0",
            "nextflow": "25.04.2"
        },
        "timestamp": "2025-05-30T16:52:57.673676107"
    },
    "Should run without failures": {
        "content": [
            [
                "versions.yml:md5,c8683fe6c044ab53b908d2fd7c38f8f7"
            ],
            [
                [
                    {
                        "id": "test"
                    },
                    "test_scds.csv:md5,6bedc66c5fc2517cea4808a72c29e17f"
                ]
            ],
            true,
            7541879
        ],
        "meta": {
            "nf-test": "0.9.0",
            "nextflow": "25.04.2"
        },
        "timestamp": "2025-05-30T16:52:47.324747683"
    }
}