{
    "Should run without failures - per-label - stub": {
        "content": [
            {
                "0": [
                    "pca-A-0.5_entropy.pkl:md5,d41d8cd98f00b204e9800998ecf8427e",
                    "pca-A-0.5_leiden.pkl:md5,d41d8cd98f00b204e9800998ecf8427e",
                    "pca-A-1_entropy.pkl:md5,d41d8cd98f00b204e9800998ecf8427e",
                    "pca-A-1_leiden.pkl:md5,d41d8cd98f00b204e9800998ecf8427e",
                    "pca-B-0.5_entropy.pkl:md5,d41d8cd98f00b204e9800998ecf8427e",
                    "pca-B-0.5_leiden.pkl:md5,d41d8cd98f00b204e9800998ecf8427e",
                    "pca-B-1_entropy.pkl:md5,d41d8cd98f00b204e9800998ecf8427e",
                    "pca-B-1_leiden.pkl:md5,d41d8cd98f00b204e9800998ecf8427e"
                ],
                "1": [
                    "X_pca-A_umap.pkl:md5,d41d8cd98f00b204e9800998ecf8427e",
                    "X_pca-B_umap.pkl:md5,d41d8cd98f00b204e9800998ecf8427e"
                ],
                "2": [
                    [
                        {
                            "id": "pca-A",
                            "integration": "pca",
                            "subset": "A"
                        },
                        "pca-A_neighbors.h5ad:md5,d41d8cd98f00b204e9800998ecf8427e"
                    ],
                    [
                        {
                            "id": "pca-B",
                            "integration": "pca",
                            "subset": "B"
                        },
                        "pca-B_neighbors.h5ad:md5,d41d8cd98f00b204e9800998ecf8427e"
                    ]
                ],
                "3": [
                    [
                        {
                            "id": "pca-A-0.5",
                            "integration": "pca",
                            "subset": "A",
                            "resolution": "0.5"
                        },
                        "pca-A-0.5_leiden.h5ad:md5,d41d8cd98f00b204e9800998ecf8427e"
                    ],
                    [
                        {
                            "id": "pca-A-1",
                            "integration": "pca",
                            "subset": "A",
                            "resolution": "1"
                        },
                        "pca-A-1_leiden.h5ad:md5,d41d8cd98f00b204e9800998ecf8427e"
                    ],
                    [
                        {
                            "id": "pca-B-0.5",
                            "integration": "pca",
                            "subset": "B",
                            "resolution": "0.5"
                        },
                        "pca-B-0.5_leiden.h5ad:md5,d41d8cd98f00b204e9800998ecf8427e"
                    ],
                    [
                        {
                            "id": "pca-B-1",
                            "integration": "pca",
                            "subset": "B",
                            "resolution": "1"
                        },
                        "pca-B-1_leiden.h5ad:md5,d41d8cd98f00b204e9800998ecf8427e"
                    ]
                ],
                "4": [
                    "pca-A-0.5_entropy_mqc.json:md5,d41d8cd98f00b204e9800998ecf8427e",
                    "pca-A-0.5_leiden_mqc.json:md5,d41d8cd98f00b204e9800998ecf8427e",
                    "pca-A-1_entropy_mqc.json:md5,d41d8cd98f00b204e9800998ecf8427e",
                    "pca-A-1_leiden_mqc.json:md5,d41d8cd98f00b204e9800998ecf8427e",
                    "pca-B-0.5_entropy_mqc.json:md5,d41d8cd98f00b204e9800998ecf8427e",
                    "pca-B-0.5_leiden_mqc.json:md5,d41d8cd98f00b204e9800998ecf8427e",
                    "pca-B-1_entropy_mqc.json:md5,d41d8cd98f00b204e9800998ecf8427e",
                    "pca-B-1_leiden_mqc.json:md5,d41d8cd98f00b204e9800998ecf8427e"
                ],
                "5": [
                    "versions.yml:md5,d41d8cd98f00b204e9800998ecf8427e",
                    "versions.yml:md5,d41d8cd98f00b204e9800998ecf8427e",
                    "versions.yml:md5,d41d8cd98f00b204e9800998ecf8427e",
                    "versions.yml:md5,d41d8cd98f00b204e9800998ecf8427e",
                    "versions.yml:md5,d41d8cd98f00b204e9800998ecf8427e",
                    "versions.yml:md5,d41d8cd98f00b204e9800998ecf8427e",
                    "versions.yml:md5,d41d8cd98f00b204e9800998ecf8427e",
                    "versions.yml:md5,d41d8cd98f00b204e9800998ecf8427e",
                    "versions.yml:md5,d41d8cd98f00b204e9800998ecf8427e",
                    "versions.yml:md5,d41d8cd98f00b204e9800998ecf8427e",
                    "versions.yml:md5,d41d8cd98f00b204e9800998ecf8427e",
                    "versions.yml:md5,d41d8cd98f00b204e9800998ecf8427e",
                    "versions.yml:md5,d41d8cd98f00b204e9800998ecf8427e"
                ],
                "h5ad_clustering": [
                    [
                        {
                            "id": "pca-A-0.5",
                            "integration": "pca",
                            "subset": "A",
                            "resolution": "0.5"
                        },
                        "pca-A-0.5_leiden.h5ad:md5,d41d8cd98f00b204e9800998ecf8427e"
                    ],
                    [
                        {
                            "id": "pca-A-1",
                            "integration": "pca",
                            "subset": "A",
                            "resolution": "1"
                        },
                        "pca-A-1_leiden.h5ad:md5,d41d8cd98f00b204e9800998ecf8427e"
                    ],
                    [
                        {
                            "id": "pca-B-0.5",
                            "integration": "pca",
                            "subset": "B",
                            "resolution": "0.5"
                        },
                        "pca-B-0.5_leiden.h5ad:md5,d41d8cd98f00b204e9800998ecf8427e"
                    ],
                    [
                        {
                            "id": "pca-B-1",
                            "integration": "pca",
                            "subset": "B",
                            "resolution": "1"
                        },
                        "pca-B-1_leiden.h5ad:md5,d41d8cd98f00b204e9800998ecf8427e"
                    ]
                ],
                "h5ad_neighbors": [
                    [
                        {
                            "id": "pca-A",
                            "integration": "pca",
                            "subset": "A"
                        },
                        "pca-A_neighbors.h5ad:md5,d41d8cd98f00b204e9800998ecf8427e"
                    ],
                    [
                        {
                            "id": "pca-B",
                            "integration": "pca",
                            "subset": "B"
                        },
                        "pca-B_neighbors.h5ad:md5,d41d8cd98f00b204e9800998ecf8427e"
                    ]
                ],
                "multiqc_files": [
                    "pca-A-0.5_entropy_mqc.json:md5,d41d8cd98f00b204e9800998ecf8427e",
                    "pca-A-0.5_leiden_mqc.json:md5,d41d8cd98f00b204e9800998ecf8427e",
                    "pca-A-1_entropy_mqc.json:md5,d41d8cd98f00b204e9800998ecf8427e",
                    "pca-A-1_leiden_mqc.json:md5,d41d8cd98f00b204e9800998ecf8427e",
                    "pca-B-0.5_entropy_mqc.json:md5,d41d8cd98f00b204e9800998ecf8427e",
                    "pca-B-0.5_leiden_mqc.json:md5,d41d8cd98f00b204e9800998ecf8427e",
                    "pca-B-1_entropy_mqc.json:md5,d41d8cd98f00b204e9800998ecf8427e",
                    "pca-B-1_leiden_mqc.json:md5,d41d8cd98f00b204e9800998ecf8427e"
                ],
                "obs": [
                    "pca-A-0.5_entropy.pkl:md5,d41d8cd98f00b204e9800998ecf8427e",
                    "pca-A-0.5_leiden.pkl:md5,d41d8cd98f00b204e9800998ecf8427e",
                    "pca-A-1_entropy.pkl:md5,d41d8cd98f00b204e9800998ecf8427e",
                    "pca-A-1_leiden.pkl:md5,d41d8cd98f00b204e9800998ecf8427e",
                    "pca-B-0.5_entropy.pkl:md5,d41d8cd98f00b204e9800998ecf8427e",
                    "pca-B-0.5_leiden.pkl:md5,d41d8cd98f00b204e9800998ecf8427e",
                    "pca-B-1_entropy.pkl:md5,d41d8cd98f00b204e9800998ecf8427e",
                    "pca-B-1_leiden.pkl:md5,d41d8cd98f00b204e9800998ecf8427e"
                ],
                "obsm": [
                    "X_pca-A_umap.pkl:md5,d41d8cd98f00b204e9800998ecf8427e",
                    "X_pca-B_umap.pkl:md5,d41d8cd98f00b204e9800998ecf8427e"
                ],
                "versions": [
                    "versions.yml:md5,d41d8cd98f00b204e9800998ecf8427e",
                    "versions.yml:md5,d41d8cd98f00b204e9800998ecf8427e",
                    "versions.yml:md5,d41d8cd98f00b204e9800998ecf8427e",
                    "versions.yml:md5,d41d8cd98f00b204e9800998ecf8427e",
                    "versions.yml:md5,d41d8cd98f00b204e9800998ecf8427e",
                    "versions.yml:md5,d41d8cd98f00b204e9800998ecf8427e",
                    "versions.yml:md5,d41d8cd98f00b204e9800998ecf8427e",
                    "versions.yml:md5,d41d8cd98f00b204e9800998ecf8427e",
                    "versions.yml:md5,d41d8cd98f00b204e9800998ecf8427e",
                    "versions.yml:md5,d41d8cd98f00b204e9800998ecf8427e",
                    "versions.yml:md5,d41d8cd98f00b204e9800998ecf8427e",
                    "versions.yml:md5,d41d8cd98f00b204e9800998ecf8427e",
                    "versions.yml:md5,d41d8cd98f00b204e9800998ecf8427e"
                ]
            }
        ],
        "meta": {
            "nf-test": "0.9.0",
            "nextflow": "25.04.2"
        },
        "timestamp": "2025-06-03T08:39:56.19859115"
    },
    "Should run without failures - global - stub": {
        "content": [
            {
                "0": [
                    "pca-global-0.5_entropy.pkl:md5,d41d8cd98f00b204e9800998ecf8427e",
                    "pca-global-0.5_leiden.pkl:md5,d41d8cd98f00b204e9800998ecf8427e",
                    "pca-global-1_entropy.pkl:md5,d41d8cd98f00b204e9800998ecf8427e",
                    "pca-global-1_leiden.pkl:md5,d41d8cd98f00b204e9800998ecf8427e"
                ],
                "1": [
                    "X_pca-global_umap.pkl:md5,d41d8cd98f00b204e9800998ecf8427e"
                ],
                "2": [
                    [
                        {
                            "id": "pca-global",
                            "integration": "pca",
                            "subset": "global"
                        },
                        "pca-global_neighbors.h5ad:md5,d41d8cd98f00b204e9800998ecf8427e"
                    ]
                ],
                "3": [
                    [
                        {
                            "id": "pca-global-0.5",
                            "integration": "pca",
                            "subset": "global",
                            "resolution": "0.5"
                        },
                        "pca-global-0.5_leiden.h5ad:md5,d41d8cd98f00b204e9800998ecf8427e"
                    ],
                    [
                        {
                            "id": "pca-global-1",
                            "integration": "pca",
                            "subset": "global",
                            "resolution": "1"
                        },
                        "pca-global-1_leiden.h5ad:md5,d41d8cd98f00b204e9800998ecf8427e"
                    ]
                ],
                "4": [
                    "pca-global-0.5_entropy_mqc.json:md5,d41d8cd98f00b204e9800998ecf8427e",
                    "pca-global-0.5_leiden_mqc.json:md5,d41d8cd98f00b204e9800998ecf8427e",
                    "pca-global-1_entropy_mqc.json:md5,d41d8cd98f00b204e9800998ecf8427e",
                    "pca-global-1_leiden_mqc.json:md5,d41d8cd98f00b204e9800998ecf8427e"
                ],
                "5": [
                    "versions.yml:md5,d41d8cd98f00b204e9800998ecf8427e",
                    "versions.yml:md5,d41d8cd98f00b204e9800998ecf8427e",
                    "versions.yml:md5,d41d8cd98f00b204e9800998ecf8427e",
                    "versions.yml:md5,d41d8cd98f00b204e9800998ecf8427e",
                    "versions.yml:md5,d41d8cd98f00b204e9800998ecf8427e",
                    "versions.yml:md5,d41d8cd98f00b204e9800998ecf8427e"
                ],
                "h5ad_clustering": [
                    [
                        {
                            "id": "pca-global-0.5",
                            "integration": "pca",
                            "subset": "global",
                            "resolution": "0.5"
                        },
                        "pca-global-0.5_leiden.h5ad:md5,d41d8cd98f00b204e9800998ecf8427e"
                    ],
                    [
                        {
                            "id": "pca-global-1",
                            "integration": "pca",
                            "subset": "global",
                            "resolution": "1"
                        },
                        "pca-global-1_leiden.h5ad:md5,d41d8cd98f00b204e9800998ecf8427e"
                    ]
                ],
                "h5ad_neighbors": [
                    [
                        {
                            "id": "pca-global",
                            "integration": "pca",
                            "subset": "global"
                        },
                        "pca-global_neighbors.h5ad:md5,d41d8cd98f00b204e9800998ecf8427e"
                    ]
                ],
                "multiqc_files": [
                    "pca-global-0.5_entropy_mqc.json:md5,d41d8cd98f00b204e9800998ecf8427e",
                    "pca-global-0.5_leiden_mqc.json:md5,d41d8cd98f00b204e9800998ecf8427e",
                    "pca-global-1_entropy_mqc.json:md5,d41d8cd98f00b204e9800998ecf8427e",
                    "pca-global-1_leiden_mqc.json:md5,d41d8cd98f00b204e9800998ecf8427e"
                ],
                "obs": [
                    "pca-global-0.5_entropy.pkl:md5,d41d8cd98f00b204e9800998ecf8427e",
                    "pca-global-0.5_leiden.pkl:md5,d41d8cd98f00b204e9800998ecf8427e",
                    "pca-global-1_entropy.pkl:md5,d41d8cd98f00b204e9800998ecf8427e",
                    "pca-global-1_leiden.pkl:md5,d41d8cd98f00b204e9800998ecf8427e"
                ],
                "obsm": [
                    "X_pca-global_umap.pkl:md5,d41d8cd98f00b204e9800998ecf8427e"
                ],
                "versions": [
                    "versions.yml:md5,d41d8cd98f00b204e9800998ecf8427e",
                    "versions.yml:md5,d41d8cd98f00b204e9800998ecf8427e",
                    "versions.yml:md5,d41d8cd98f00b204e9800998ecf8427e",
                    "versions.yml:md5,d41d8cd98f00b204e9800998ecf8427e",
                    "versions.yml:md5,d41d8cd98f00b204e9800998ecf8427e",
                    "versions.yml:md5,d41d8cd98f00b204e9800998ecf8427e"
                ]
            }
        ],
        "meta": {
            "nf-test": "0.9.0",
            "nextflow": "25.04.2"
        },
        "timestamp": "2025-06-03T08:37:10.116538526"
    },
    "Should run without failures - global": {
        "content": [
            {
                "0": [
                    "pca-global-0.5_entropy.pkl:md5,e3ba9d2b4d41a5373bac81cc6ae5141b",
                    "pca-global-0.5_leiden.pkl:md5,70b0272e988db5304f940cc4b265ac16",
                    "pca-global-1_entropy.pkl:md5,4150ab3d7e6802d66b6f18973eee8c75",
                    "pca-global-1_leiden.pkl:md5,92b513cee3fab5a7ab9b617305c23b71"
                ],
                "1": [
                    "X_pca-global_umap.pkl:md5,017c6b03c594021ac64c0c627342b3d3"
                ],
                "2": [
                    [
                        {
                            "id": "pca-global",
                            "integration": "pca",
                            "subset": "global"
                        },
                        "pca-global_neighbors.h5ad:md5,50aa5bc4ca02da9aa5bc6cae4d25db92"
                    ]
                ],
                "3": [
                    [
                        {
                            "id": "pca-global-0.5",
                            "integration": "pca",
                            "subset": "global",
                            "resolution": "0.5"
                        },
                        "pca-global-0.5_leiden.h5ad:md5,929ed6e73c47cba190e707a2784f6c07"
                    ],
                    [
                        {
                            "id": "pca-global-1",
                            "integration": "pca",
                            "subset": "global",
                            "resolution": "1"
                        },
                        "pca-global-1_leiden.h5ad:md5,ede0676afe3a9e60187c421f4964d44e"
                    ]
                ],
                "4": [
                    "pca-global-0.5_entropy_mqc.json:md5,707d5664a8526134a27c658f4ac8bf84",
                    "pca-global-0.5_leiden_mqc.json:md5,8d0a52bdea58b326c416136fdaea7041",
                    "pca-global-1_entropy_mqc.json:md5,864fbdf696251ea9a2fe61c0849443d1",
                    "pca-global-1_leiden_mqc.json:md5,579603342b0087e66d36d7766fada02e"
                ],
                "5": [
                    "versions.yml:md5,6a842ca07b6aa3c3d241aeb4f14e78ef",
                    "versions.yml:md5,71308492f6b0774e6c3236e7a9537663",
                    "versions.yml:md5,71308492f6b0774e6c3236e7a9537663",
                    "versions.yml:md5,7a41b3efa8ff7c6b3f4d554e8a96bfd8",
                    "versions.yml:md5,7a41b3efa8ff7c6b3f4d554e8a96bfd8",
                    "versions.yml:md5,fef5bde4d5e63f2d266d8b0d2d158a0d"
                ],
                "h5ad_clustering": [
                    [
                        {
                            "id": "pca-global-0.5",
                            "integration": "pca",
                            "subset": "global",
                            "resolution": "0.5"
                        },
                        "pca-global-0.5_leiden.h5ad:md5,929ed6e73c47cba190e707a2784f6c07"
                    ],
                    [
                        {
                            "id": "pca-global-1",
                            "integration": "pca",
                            "subset": "global",
                            "resolution": "1"
                        },
                        "pca-global-1_leiden.h5ad:md5,ede0676afe3a9e60187c421f4964d44e"
                    ]
                ],
                "h5ad_neighbors": [
                    [
                        {
                            "id": "pca-global",
                            "integration": "pca",
                            "subset": "global"
                        },
                        "pca-global_neighbors.h5ad:md5,50aa5bc4ca02da9aa5bc6cae4d25db92"
                    ]
                ],
                "multiqc_files": [
                    "pca-global-0.5_entropy_mqc.json:md5,707d5664a8526134a27c658f4ac8bf84",
                    "pca-global-0.5_leiden_mqc.json:md5,8d0a52bdea58b326c416136fdaea7041",
                    "pca-global-1_entropy_mqc.json:md5,864fbdf696251ea9a2fe61c0849443d1",
                    "pca-global-1_leiden_mqc.json:md5,579603342b0087e66d36d7766fada02e"
                ],
                "obs": [
                    "pca-global-0.5_entropy.pkl:md5,e3ba9d2b4d41a5373bac81cc6ae5141b",
                    "pca-global-0.5_leiden.pkl:md5,70b0272e988db5304f940cc4b265ac16",
                    "pca-global-1_entropy.pkl:md5,4150ab3d7e6802d66b6f18973eee8c75",
                    "pca-global-1_leiden.pkl:md5,92b513cee3fab5a7ab9b617305c23b71"
                ],
                "obsm": [
                    "X_pca-global_umap.pkl:md5,017c6b03c594021ac64c0c627342b3d3"
                ],
                "versions": [
                    "versions.yml:md5,6a842ca07b6aa3c3d241aeb4f14e78ef",
                    "versions.yml:md5,71308492f6b0774e6c3236e7a9537663",
                    "versions.yml:md5,71308492f6b0774e6c3236e7a9537663",
                    "versions.yml:md5,7a41b3efa8ff7c6b3f4d554e8a96bfd8",
                    "versions.yml:md5,7a41b3efa8ff7c6b3f4d554e8a96bfd8",
                    "versions.yml:md5,fef5bde4d5e63f2d266d8b0d2d158a0d"
                ]
            }
        ],
        "meta": {
            "nf-test": "0.9.2",
            "nextflow": "25.04.6"
        },
        "timestamp": "2025-12-31T10:58:30.67226456"
    },
    "Should run without failures - both - stub": {
        "content": [
            {
                "0": [
                    "pca-A-0.5_entropy.pkl:md5,d41d8cd98f00b204e9800998ecf8427e",
                    "pca-A-0.5_leiden.pkl:md5,d41d8cd98f00b204e9800998ecf8427e",
                    "pca-A-1_entropy.pkl:md5,d41d8cd98f00b204e9800998ecf8427e",
                    "pca-A-1_leiden.pkl:md5,d41d8cd98f00b204e9800998ecf8427e",
                    "pca-B-0.5_entropy.pkl:md5,d41d8cd98f00b204e9800998ecf8427e",
                    "pca-B-0.5_leiden.pkl:md5,d41d8cd98f00b204e9800998ecf8427e",
                    "pca-B-1_entropy.pkl:md5,d41d8cd98f00b204e9800998ecf8427e",
                    "pca-B-1_leiden.pkl:md5,d41d8cd98f00b204e9800998ecf8427e",
                    "pca-global-0.5_entropy.pkl:md5,d41d8cd98f00b204e9800998ecf8427e",
                    "pca-global-0.5_leiden.pkl:md5,d41d8cd98f00b204e9800998ecf8427e",
                    "pca-global-1_entropy.pkl:md5,d41d8cd98f00b204e9800998ecf8427e",
                    "pca-global-1_leiden.pkl:md5,d41d8cd98f00b204e9800998ecf8427e"
                ],
                "1": [
                    "X_pca-A_umap.pkl:md5,d41d8cd98f00b204e9800998ecf8427e",
                    "X_pca-B_umap.pkl:md5,d41d8cd98f00b204e9800998ecf8427e",
                    "X_pca-global_umap.pkl:md5,d41d8cd98f00b204e9800998ecf8427e"
                ],
                "2": [
                    [
                        {
                            "id": "pca-A",
                            "integration": "pca",
                            "subset": "A"
                        },
                        "pca-A_neighbors.h5ad:md5,d41d8cd98f00b204e9800998ecf8427e"
                    ],
                    [
                        {
                            "id": "pca-B",
                            "integration": "pca",
                            "subset": "B"
                        },
                        "pca-B_neighbors.h5ad:md5,d41d8cd98f00b204e9800998ecf8427e"
                    ],
                    [
                        {
                            "id": "pca-global",
                            "integration": "pca",
                            "subset": "global"
                        },
                        "pca-global_neighbors.h5ad:md5,d41d8cd98f00b204e9800998ecf8427e"
                    ]
                ],
                "3": [
                    [
                        {
                            "id": "pca-A-0.5",
                            "integration": "pca",
                            "subset": "A",
                            "resolution": "0.5"
                        },
                        "pca-A-0.5_leiden.h5ad:md5,d41d8cd98f00b204e9800998ecf8427e"
                    ],
                    [
                        {
                            "id": "pca-A-1",
                            "integration": "pca",
                            "subset": "A",
                            "resolution": "1"
                        },
                        "pca-A-1_leiden.h5ad:md5,d41d8cd98f00b204e9800998ecf8427e"
                    ],
                    [
                        {
                            "id": "pca-B-0.5",
                            "integration": "pca",
                            "subset": "B",
                            "resolution": "0.5"
                        },
                        "pca-B-0.5_leiden.h5ad:md5,d41d8cd98f00b204e9800998ecf8427e"
                    ],
                    [
                        {
                            "id": "pca-B-1",
                            "integration": "pca",
                            "subset": "B",
                            "resolution": "1"
                        },
                        "pca-B-1_leiden.h5ad:md5,d41d8cd98f00b204e9800998ecf8427e"
                    ],
                    [
                        {
                            "id": "pca-global-0.5",
                            "integration": "pca",
                            "subset": "global",
                            "resolution": "0.5"
                        },
                        "pca-global-0.5_leiden.h5ad:md5,d41d8cd98f00b204e9800998ecf8427e"
                    ],
                    [
                        {
                            "id": "pca-global-1",
                            "integration": "pca",
                            "subset": "global",
                            "resolution": "1"
                        },
                        "pca-global-1_leiden.h5ad:md5,d41d8cd98f00b204e9800998ecf8427e"
                    ]
                ],
                "4": [
                    "pca-A-0.5_entropy_mqc.json:md5,d41d8cd98f00b204e9800998ecf8427e",
                    "pca-A-0.5_leiden_mqc.json:md5,d41d8cd98f00b204e9800998ecf8427e",
                    "pca-A-1_entropy_mqc.json:md5,d41d8cd98f00b204e9800998ecf8427e",
                    "pca-A-1_leiden_mqc.json:md5,d41d8cd98f00b204e9800998ecf8427e",
                    "pca-B-0.5_entropy_mqc.json:md5,d41d8cd98f00b204e9800998ecf8427e",
                    "pca-B-0.5_leiden_mqc.json:md5,d41d8cd98f00b204e9800998ecf8427e",
                    "pca-B-1_entropy_mqc.json:md5,d41d8cd98f00b204e9800998ecf8427e",
                    "pca-B-1_leiden_mqc.json:md5,d41d8cd98f00b204e9800998ecf8427e",
                    "pca-global-0.5_entropy_mqc.json:md5,d41d8cd98f00b204e9800998ecf8427e",
                    "pca-global-0.5_leiden_mqc.json:md5,d41d8cd98f00b204e9800998ecf8427e",
                    "pca-global-1_entropy_mqc.json:md5,d41d8cd98f00b204e9800998ecf8427e",
                    "pca-global-1_leiden_mqc.json:md5,d41d8cd98f00b204e9800998ecf8427e"
                ],
                "5": [
                    "versions.yml:md5,d41d8cd98f00b204e9800998ecf8427e",
                    "versions.yml:md5,d41d8cd98f00b204e9800998ecf8427e",
                    "versions.yml:md5,d41d8cd98f00b204e9800998ecf8427e",
                    "versions.yml:md5,d41d8cd98f00b204e9800998ecf8427e",
                    "versions.yml:md5,d41d8cd98f00b204e9800998ecf8427e",
                    "versions.yml:md5,d41d8cd98f00b204e9800998ecf8427e",
                    "versions.yml:md5,d41d8cd98f00b204e9800998ecf8427e",
                    "versions.yml:md5,d41d8cd98f00b204e9800998ecf8427e",
                    "versions.yml:md5,d41d8cd98f00b204e9800998ecf8427e",
                    "versions.yml:md5,d41d8cd98f00b204e9800998ecf8427e",
                    "versions.yml:md5,d41d8cd98f00b204e9800998ecf8427e",
                    "versions.yml:md5,d41d8cd98f00b204e9800998ecf8427e",
                    "versions.yml:md5,d41d8cd98f00b204e9800998ecf8427e",
                    "versions.yml:md5,d41d8cd98f00b204e9800998ecf8427e",
                    "versions.yml:md5,d41d8cd98f00b204e9800998ecf8427e",
                    "versions.yml:md5,d41d8cd98f00b204e9800998ecf8427e",
                    "versions.yml:md5,d41d8cd98f00b204e9800998ecf8427e",
                    "versions.yml:md5,d41d8cd98f00b204e9800998ecf8427e",
                    "versions.yml:md5,d41d8cd98f00b204e9800998ecf8427e"
                ],
                "h5ad_clustering": [
                    [
                        {
                            "id": "pca-A-0.5",
                            "integration": "pca",
                            "subset": "A",
                            "resolution": "0.5"
                        },
                        "pca-A-0.5_leiden.h5ad:md5,d41d8cd98f00b204e9800998ecf8427e"
                    ],
                    [
                        {
                            "id": "pca-A-1",
                            "integration": "pca",
                            "subset": "A",
                            "resolution": "1"
                        },
                        "pca-A-1_leiden.h5ad:md5,d41d8cd98f00b204e9800998ecf8427e"
                    ],
                    [
                        {
                            "id": "pca-B-0.5",
                            "integration": "pca",
                            "subset": "B",
                            "resolution": "0.5"
                        },
                        "pca-B-0.5_leiden.h5ad:md5,d41d8cd98f00b204e9800998ecf8427e"
                    ],
                    [
                        {
                            "id": "pca-B-1",
                            "integration": "pca",
                            "subset": "B",
                            "resolution": "1"
                        },
                        "pca-B-1_leiden.h5ad:md5,d41d8cd98f00b204e9800998ecf8427e"
                    ],
                    [
                        {
                            "id": "pca-global-0.5",
                            "integration": "pca",
                            "subset": "global",
                            "resolution": "0.5"
                        },
                        "pca-global-0.5_leiden.h5ad:md5,d41d8cd98f00b204e9800998ecf8427e"
                    ],
                    [
                        {
                            "id": "pca-global-1",
                            "integration": "pca",
                            "subset": "global",
                            "resolution": "1"
                        },
                        "pca-global-1_leiden.h5ad:md5,d41d8cd98f00b204e9800998ecf8427e"
                    ]
                ],
                "h5ad_neighbors": [
                    [
                        {
                            "id": "pca-A",
                            "integration": "pca",
                            "subset": "A"
                        },
                        "pca-A_neighbors.h5ad:md5,d41d8cd98f00b204e9800998ecf8427e"
                    ],
                    [
                        {
                            "id": "pca-B",
                            "integration": "pca",
                            "subset": "B"
                        },
                        "pca-B_neighbors.h5ad:md5,d41d8cd98f00b204e9800998ecf8427e"
                    ],
                    [
                        {
                            "id": "pca-global",
                            "integration": "pca",
                            "subset": "global"
                        },
                        "pca-global_neighbors.h5ad:md5,d41d8cd98f00b204e9800998ecf8427e"
                    ]
                ],
                "multiqc_files": [
                    "pca-A-0.5_entropy_mqc.json:md5,d41d8cd98f00b204e9800998ecf8427e",
                    "pca-A-0.5_leiden_mqc.json:md5,d41d8cd98f00b204e9800998ecf8427e",
                    "pca-A-1_entropy_mqc.json:md5,d41d8cd98f00b204e9800998ecf8427e",
                    "pca-A-1_leiden_mqc.json:md5,d41d8cd98f00b204e9800998ecf8427e",
                    "pca-B-0.5_entropy_mqc.json:md5,d41d8cd98f00b204e9800998ecf8427e",
                    "pca-B-0.5_leiden_mqc.json:md5,d41d8cd98f00b204e9800998ecf8427e",
                    "pca-B-1_entropy_mqc.json:md5,d41d8cd98f00b204e9800998ecf8427e",
                    "pca-B-1_leiden_mqc.json:md5,d41d8cd98f00b204e9800998ecf8427e",
                    "pca-global-0.5_entropy_mqc.json:md5,d41d8cd98f00b204e9800998ecf8427e",
                    "pca-global-0.5_leiden_mqc.json:md5,d41d8cd98f00b204e9800998ecf8427e",
                    "pca-global-1_entropy_mqc.json:md5,d41d8cd98f00b204e9800998ecf8427e",
                    "pca-global-1_leiden_mqc.json:md5,d41d8cd98f00b204e9800998ecf8427e"
                ],
                "obs": [
                    "pca-A-0.5_entropy.pkl:md5,d41d8cd98f00b204e9800998ecf8427e",
                    "pca-A-0.5_leiden.pkl:md5,d41d8cd98f00b204e9800998ecf8427e",
                    "pca-A-1_entropy.pkl:md5,d41d8cd98f00b204e9800998ecf8427e",
                    "pca-A-1_leiden.pkl:md5,d41d8cd98f00b204e9800998ecf8427e",
                    "pca-B-0.5_entropy.pkl:md5,d41d8cd98f00b204e9800998ecf8427e",
                    "pca-B-0.5_leiden.pkl:md5,d41d8cd98f00b204e9800998ecf8427e",
                    "pca-B-1_entropy.pkl:md5,d41d8cd98f00b204e9800998ecf8427e",
                    "pca-B-1_leiden.pkl:md5,d41d8cd98f00b204e9800998ecf8427e",
                    "pca-global-0.5_entropy.pkl:md5,d41d8cd98f00b204e9800998ecf8427e",
                    "pca-global-0.5_leiden.pkl:md5,d41d8cd98f00b204e9800998ecf8427e",
                    "pca-global-1_entropy.pkl:md5,d41d8cd98f00b204e9800998ecf8427e",
                    "pca-global-1_leiden.pkl:md5,d41d8cd98f00b204e9800998ecf8427e"
                ],
                "obsm": [
                    "X_pca-A_umap.pkl:md5,d41d8cd98f00b204e9800998ecf8427e",
                    "X_pca-B_umap.pkl:md5,d41d8cd98f00b204e9800998ecf8427e",
                    "X_pca-global_umap.pkl:md5,d41d8cd98f00b204e9800998ecf8427e"
                ],
                "versions": [
                    "versions.yml:md5,d41d8cd98f00b204e9800998ecf8427e",
                    "versions.yml:md5,d41d8cd98f00b204e9800998ecf8427e",
                    "versions.yml:md5,d41d8cd98f00b204e9800998ecf8427e",
                    "versions.yml:md5,d41d8cd98f00b204e9800998ecf8427e",
                    "versions.yml:md5,d41d8cd98f00b204e9800998ecf8427e",
                    "versions.yml:md5,d41d8cd98f00b204e9800998ecf8427e",
                    "versions.yml:md5,d41d8cd98f00b204e9800998ecf8427e",
                    "versions.yml:md5,d41d8cd98f00b204e9800998ecf8427e",
                    "versions.yml:md5,d41d8cd98f00b204e9800998ecf8427e",
                    "versions.yml:md5,d41d8cd98f00b204e9800998ecf8427e",
                    "versions.yml:md5,d41d8cd98f00b204e9800998ecf8427e",
                    "versions.yml:md5,d41d8cd98f00b204e9800998ecf8427e",
                    "versions.yml:md5,d41d8cd98f00b204e9800998ecf8427e",
                    "versions.yml:md5,d41d8cd98f00b204e9800998ecf8427e",
                    "versions.yml:md5,d41d8cd98f00b204e9800998ecf8427e",
                    "versions.yml:md5,d41d8cd98f00b204e9800998ecf8427e",
                    "versions.yml:md5,d41d8cd98f00b204e9800998ecf8427e",
                    "versions.yml:md5,d41d8cd98f00b204e9800998ecf8427e",
                    "versions.yml:md5,d41d8cd98f00b204e9800998ecf8427e"
                ]
            }
        ],
        "meta": {
            "nf-test": "0.9.0",
            "nextflow": "25.04.2"
        },
        "timestamp": "2025-06-03T08:42:18.041010001"
    },
    "Should run without failures - per-label": {
        "content": [
            {
                "0": [
                    "pca-SRR28679756-0.5_entropy.pkl:md5,05a119748224d95d6c7e53043cb256a7",
                    "pca-SRR28679756-0.5_leiden.pkl:md5,5379b15fefaf815a88ecef6e40aecfe0",
                    "pca-SRR28679756-1_entropy.pkl:md5,128288110b053217512209faec8d1a1b",
                    "pca-SRR28679756-1_leiden.pkl:md5,3ed6c1a1dfca761cbf5e094f73138884",
                    "pca-SRR28679757-0.5_entropy.pkl:md5,725f93e7c3136ede30371bc2a8e76c52",
                    "pca-SRR28679757-0.5_leiden.pkl:md5,e82dc7e48694e2926534e97a072e0239",
                    "pca-SRR28679757-1_entropy.pkl:md5,87e68050843603dcea4cb38f6e60078f",
                    "pca-SRR28679757-1_leiden.pkl:md5,c604ed2a32cfc3983cc609572ac9179e",
                    "pca-SRR28679758-0.5_entropy.pkl:md5,1deff5f1d5066735890029e60b6ce5fd",
                    "pca-SRR28679758-0.5_leiden.pkl:md5,0f10073bf6a96ac225fc061589675e69",
                    "pca-SRR28679758-1_entropy.pkl:md5,bac08e2f2d324c78719e405e7c727590",
                    "pca-SRR28679758-1_leiden.pkl:md5,550a7d73abf60f73f79704bc68626fc3"
                ],
                "1": [
                    "X_pca-SRR28679756_umap.pkl:md5,9d0a3c129bc3e3c53cbf07a7ae8ff980",
                    "X_pca-SRR28679757_umap.pkl:md5,5f7237f6798e4064708bdd2804020cf7",
                    "X_pca-SRR28679758_umap.pkl:md5,2a608d5c9d7f6cd0983196bbddb30d7a"
                ],
                "2": [
                    [
                        {
                            "id": "pca-SRR28679756",
                            "integration": "pca",
                            "subset": "SRR28679756"
                        },
                        "pca-SRR28679756_neighbors.h5ad:md5,4dc7ec3039f163265dcb756b2b948fe1"
                    ],
                    [
                        {
                            "id": "pca-SRR28679757",
                            "integration": "pca",
                            "subset": "SRR28679757"
                        },
                        "pca-SRR28679757_neighbors.h5ad:md5,9665908669dca5be8e1ee489f7c6fe88"
                    ],
                    [
                        {
                            "id": "pca-SRR28679758",
                            "integration": "pca",
                            "subset": "SRR28679758"
                        },
                        "pca-SRR28679758_neighbors.h5ad:md5,e60895df2df7e4b60da6602df5064673"
                    ]
                ],
                "3": [
                    [
                        {
                            "id": "pca-SRR28679756-0.5",
                            "integration": "pca",
                            "subset": "SRR28679756",
                            "resolution": "0.5"
                        },
                        "pca-SRR28679756-0.5_leiden.h5ad:md5,bd7947a08924d37971f9058a8c2b98ed"
                    ],
                    [
                        {
                            "id": "pca-SRR28679756-1",
                            "integration": "pca",
                            "subset": "SRR28679756",
                            "resolution": "1"
                        },
                        "pca-SRR28679756-1_leiden.h5ad:md5,b2b976f502df1dd365a58043c5779ea4"
                    ],
                    [
                        {
                            "id": "pca-SRR28679757-0.5",
                            "integration": "pca",
                            "subset": "SRR28679757",
                            "resolution": "0.5"
                        },
                        "pca-SRR28679757-0.5_leiden.h5ad:md5,6eae3a9f3638952745a4523491c51d8b"
                    ],
                    [
                        {
                            "id": "pca-SRR28679757-1",
                            "integration": "pca",
                            "subset": "SRR28679757",
                            "resolution": "1"
                        },
                        "pca-SRR28679757-1_leiden.h5ad:md5,bfe2b6c19052c33228a42a26c1850c0c"
                    ],
                    [
                        {
                            "id": "pca-SRR28679758-0.5",
                            "integration": "pca",
                            "subset": "SRR28679758",
                            "resolution": "0.5"
                        },
                        "pca-SRR28679758-0.5_leiden.h5ad:md5,37ea60fdb1daa7db9114b19cb41bcd01"
                    ],
                    [
                        {
                            "id": "pca-SRR28679758-1",
                            "integration": "pca",
                            "subset": "SRR28679758",
                            "resolution": "1"
                        },
                        "pca-SRR28679758-1_leiden.h5ad:md5,63bd339aab011b9b25df402fdbe29147"
                    ]
                ],
                "4": [
                    "pca-SRR28679756-0.5_entropy_mqc.json:md5,cd198e78d2f0680a2858348a2c41dd1e",
                    "pca-SRR28679756-0.5_leiden_mqc.json:md5,ce16db06ade551eee33683c82083b2d6",
                    "pca-SRR28679756-1_entropy_mqc.json:md5,f64d55c31d446f08a307746342c50cf5",
                    "pca-SRR28679756-1_leiden_mqc.json:md5,5273f6a1572eb3e550f97ae5306e9849",
                    "pca-SRR28679757-0.5_entropy_mqc.json:md5,7abf6399423e8ec72cefde07d46a3706",
                    "pca-SRR28679757-0.5_leiden_mqc.json:md5,b1b337e39bc3f44b88d7690951ccfbd6",
                    "pca-SRR28679757-1_entropy_mqc.json:md5,e8809a8793c1d884985d9ca3b9e7021c",
                    "pca-SRR28679757-1_leiden_mqc.json:md5,ea4bb012b119eb25d2298d940dad4d42",
                    "pca-SRR28679758-0.5_entropy_mqc.json:md5,0e0f53cd2c0e47a3837e32182a846418",
                    "pca-SRR28679758-0.5_leiden_mqc.json:md5,e770dd5bf0ed7bc8874b93cc2618245b",
                    "pca-SRR28679758-1_entropy_mqc.json:md5,e56f429eb4362280f4d1e40f45cc5a65",
                    "pca-SRR28679758-1_leiden_mqc.json:md5,d56619d638c450290269d898c6b894d1"
                ],
                "5": [
                    "versions.yml:md5,6a842ca07b6aa3c3d241aeb4f14e78ef",
                    "versions.yml:md5,6a842ca07b6aa3c3d241aeb4f14e78ef",
                    "versions.yml:md5,6a842ca07b6aa3c3d241aeb4f14e78ef",
                    "versions.yml:md5,71308492f6b0774e6c3236e7a9537663",
                    "versions.yml:md5,71308492f6b0774e6c3236e7a9537663",
                    "versions.yml:md5,71308492f6b0774e6c3236e7a9537663",
                    "versions.yml:md5,71308492f6b0774e6c3236e7a9537663",
                    "versions.yml:md5,71308492f6b0774e6c3236e7a9537663",
                    "versions.yml:md5,71308492f6b0774e6c3236e7a9537663",
                    "versions.yml:md5,7a41b3efa8ff7c6b3f4d554e8a96bfd8",
                    "versions.yml:md5,7a41b3efa8ff7c6b3f4d554e8a96bfd8",
                    "versions.yml:md5,7a41b3efa8ff7c6b3f4d554e8a96bfd8",
                    "versions.yml:md5,7a41b3efa8ff7c6b3f4d554e8a96bfd8",
                    "versions.yml:md5,7a41b3efa8ff7c6b3f4d554e8a96bfd8",
                    "versions.yml:md5,7a41b3efa8ff7c6b3f4d554e8a96bfd8",
                    "versions.yml:md5,9ddeac82619f47bf04dd5b85733bb467",
                    "versions.yml:md5,fef5bde4d5e63f2d266d8b0d2d158a0d",
                    "versions.yml:md5,fef5bde4d5e63f2d266d8b0d2d158a0d",
                    "versions.yml:md5,fef5bde4d5e63f2d266d8b0d2d158a0d"
                ],
                "h5ad_clustering": [
                    [
                        {
                            "id": "pca-SRR28679756-0.5",
                            "integration": "pca",
                            "subset": "SRR28679756",
                            "resolution": "0.5"
                        },
                        "pca-SRR28679756-0.5_leiden.h5ad:md5,bd7947a08924d37971f9058a8c2b98ed"
                    ],
                    [
                        {
                            "id": "pca-SRR28679756-1",
                            "integration": "pca",
                            "subset": "SRR28679756",
                            "resolution": "1"
                        },
                        "pca-SRR28679756-1_leiden.h5ad:md5,b2b976f502df1dd365a58043c5779ea4"
                    ],
                    [
                        {
                            "id": "pca-SRR28679757-0.5",
                            "integration": "pca",
                            "subset": "SRR28679757",
                            "resolution": "0.5"
                        },
                        "pca-SRR28679757-0.5_leiden.h5ad:md5,6eae3a9f3638952745a4523491c51d8b"
                    ],
                    [
                        {
                            "id": "pca-SRR28679757-1",
                            "integration": "pca",
                            "subset": "SRR28679757",
                            "resolution": "1"
                        },
                        "pca-SRR28679757-1_leiden.h5ad:md5,bfe2b6c19052c33228a42a26c1850c0c"
                    ],
                    [
                        {
                            "id": "pca-SRR28679758-0.5",
                            "integration": "pca",
                            "subset": "SRR28679758",
                            "resolution": "0.5"
                        },
                        "pca-SRR28679758-0.5_leiden.h5ad:md5,37ea60fdb1daa7db9114b19cb41bcd01"
                    ],
                    [
                        {
                            "id": "pca-SRR28679758-1",
                            "integration": "pca",
                            "subset": "SRR28679758",
                            "resolution": "1"
                        },
                        "pca-SRR28679758-1_leiden.h5ad:md5,63bd339aab011b9b25df402fdbe29147"
                    ]
                ],
                "h5ad_neighbors": [
                    [
                        {
                            "id": "pca-SRR28679756",
                            "integration": "pca",
                            "subset": "SRR28679756"
                        },
                        "pca-SRR28679756_neighbors.h5ad:md5,4dc7ec3039f163265dcb756b2b948fe1"
                    ],
                    [
                        {
                            "id": "pca-SRR28679757",
                            "integration": "pca",
                            "subset": "SRR28679757"
                        },
                        "pca-SRR28679757_neighbors.h5ad:md5,9665908669dca5be8e1ee489f7c6fe88"
                    ],
                    [
                        {
                            "id": "pca-SRR28679758",
                            "integration": "pca",
                            "subset": "SRR28679758"
                        },
                        "pca-SRR28679758_neighbors.h5ad:md5,e60895df2df7e4b60da6602df5064673"
                    ]
                ],
                "multiqc_files": [
                    "pca-SRR28679756-0.5_entropy_mqc.json:md5,cd198e78d2f0680a2858348a2c41dd1e",
                    "pca-SRR28679756-0.5_leiden_mqc.json:md5,ce16db06ade551eee33683c82083b2d6",
                    "pca-SRR28679756-1_entropy_mqc.json:md5,f64d55c31d446f08a307746342c50cf5",
                    "pca-SRR28679756-1_leiden_mqc.json:md5,5273f6a1572eb3e550f97ae5306e9849",
                    "pca-SRR28679757-0.5_entropy_mqc.json:md5,7abf6399423e8ec72cefde07d46a3706",
                    "pca-SRR28679757-0.5_leiden_mqc.json:md5,b1b337e39bc3f44b88d7690951ccfbd6",
                    "pca-SRR28679757-1_entropy_mqc.json:md5,e8809a8793c1d884985d9ca3b9e7021c",
                    "pca-SRR28679757-1_leiden_mqc.json:md5,ea4bb012b119eb25d2298d940dad4d42",
                    "pca-SRR28679758-0.5_entropy_mqc.json:md5,0e0f53cd2c0e47a3837e32182a846418",
                    "pca-SRR28679758-0.5_leiden_mqc.json:md5,e770dd5bf0ed7bc8874b93cc2618245b",
                    "pca-SRR28679758-1_entropy_mqc.json:md5,e56f429eb4362280f4d1e40f45cc5a65",
                    "pca-SRR28679758-1_leiden_mqc.json:md5,d56619d638c450290269d898c6b894d1"
                ],
                "obs": [
                    "pca-SRR28679756-0.5_entropy.pkl:md5,05a119748224d95d6c7e53043cb256a7",
                    "pca-SRR28679756-0.5_leiden.pkl:md5,5379b15fefaf815a88ecef6e40aecfe0",
                    "pca-SRR28679756-1_entropy.pkl:md5,128288110b053217512209faec8d1a1b",
                    "pca-SRR28679756-1_leiden.pkl:md5,3ed6c1a1dfca761cbf5e094f73138884",
                    "pca-SRR28679757-0.5_entropy.pkl:md5,725f93e7c3136ede30371bc2a8e76c52",
                    "pca-SRR28679757-0.5_leiden.pkl:md5,e82dc7e48694e2926534e97a072e0239",
                    "pca-SRR28679757-1_entropy.pkl:md5,87e68050843603dcea4cb38f6e60078f",
                    "pca-SRR28679757-1_leiden.pkl:md5,c604ed2a32cfc3983cc609572ac9179e",
                    "pca-SRR28679758-0.5_entropy.pkl:md5,1deff5f1d5066735890029e60b6ce5fd",
                    "pca-SRR28679758-0.5_leiden.pkl:md5,0f10073bf6a96ac225fc061589675e69",
                    "pca-SRR28679758-1_entropy.pkl:md5,bac08e2f2d324c78719e405e7c727590",
                    "pca-SRR28679758-1_leiden.pkl:md5,550a7d73abf60f73f79704bc68626fc3"
                ],
                "obsm": [
                    "X_pca-SRR28679756_umap.pkl:md5,9d0a3c129bc3e3c53cbf07a7ae8ff980",
                    "X_pca-SRR28679757_umap.pkl:md5,5f7237f6798e4064708bdd2804020cf7",
                    "X_pca-SRR28679758_umap.pkl:md5,2a608d5c9d7f6cd0983196bbddb30d7a"
                ],
                "versions": [
                    "versions.yml:md5,6a842ca07b6aa3c3d241aeb4f14e78ef",
                    "versions.yml:md5,6a842ca07b6aa3c3d241aeb4f14e78ef",
                    "versions.yml:md5,6a842ca07b6aa3c3d241aeb4f14e78ef",
                    "versions.yml:md5,71308492f6b0774e6c3236e7a9537663",
                    "versions.yml:md5,71308492f6b0774e6c3236e7a9537663",
                    "versions.yml:md5,71308492f6b0774e6c3236e7a9537663",
                    "versions.yml:md5,71308492f6b0774e6c3236e7a9537663",
                    "versions.yml:md5,71308492f6b0774e6c3236e7a9537663",
                    "versions.yml:md5,71308492f6b0774e6c3236e7a9537663",
                    "versions.yml:md5,7a41b3efa8ff7c6b3f4d554e8a96bfd8",
                    "versions.yml:md5,7a41b3efa8ff7c6b3f4d554e8a96bfd8",
                    "versions.yml:md5,7a41b3efa8ff7c6b3f4d554e8a96bfd8",
                    "versions.yml:md5,7a41b3efa8ff7c6b3f4d554e8a96bfd8",
                    "versions.yml:md5,7a41b3efa8ff7c6b3f4d554e8a96bfd8",
                    "versions.yml:md5,7a41b3efa8ff7c6b3f4d554e8a96bfd8",
                    "versions.yml:md5,9ddeac82619f47bf04dd5b85733bb467",
                    "versions.yml:md5,fef5bde4d5e63f2d266d8b0d2d158a0d",
                    "versions.yml:md5,fef5bde4d5e63f2d266d8b0d2d158a0d",
                    "versions.yml:md5,fef5bde4d5e63f2d266d8b0d2d158a0d"
                ]
            }
        ],
        "meta": {
            "nf-test": "0.9.2",
            "nextflow": "25.04.6"
        },
        "timestamp": "2025-12-31T11:00:42.567916464"
    },
    "Should run without failures - both": {
        "content": [
            {
                "0": [
                    "pca-SRR28679756-0.5_entropy.pkl:md5,05a119748224d95d6c7e53043cb256a7",
                    "pca-SRR28679756-0.5_leiden.pkl:md5,5379b15fefaf815a88ecef6e40aecfe0",
                    "pca-SRR28679756-1_entropy.pkl:md5,128288110b053217512209faec8d1a1b",
                    "pca-SRR28679756-1_leiden.pkl:md5,3ed6c1a1dfca761cbf5e094f73138884",
                    "pca-SRR28679757-0.5_entropy.pkl:md5,725f93e7c3136ede30371bc2a8e76c52",
                    "pca-SRR28679757-0.5_leiden.pkl:md5,e82dc7e48694e2926534e97a072e0239",
                    "pca-SRR28679757-1_entropy.pkl:md5,87e68050843603dcea4cb38f6e60078f",
                    "pca-SRR28679757-1_leiden.pkl:md5,c604ed2a32cfc3983cc609572ac9179e",
                    "pca-SRR28679758-0.5_entropy.pkl:md5,1deff5f1d5066735890029e60b6ce5fd",
                    "pca-SRR28679758-0.5_leiden.pkl:md5,0f10073bf6a96ac225fc061589675e69",
                    "pca-SRR28679758-1_entropy.pkl:md5,bac08e2f2d324c78719e405e7c727590",
                    "pca-SRR28679758-1_leiden.pkl:md5,550a7d73abf60f73f79704bc68626fc3",
                    "pca-global-0.5_entropy.pkl:md5,e3ba9d2b4d41a5373bac81cc6ae5141b",
                    "pca-global-0.5_leiden.pkl:md5,70b0272e988db5304f940cc4b265ac16",
                    "pca-global-1_entropy.pkl:md5,4150ab3d7e6802d66b6f18973eee8c75",
                    "pca-global-1_leiden.pkl:md5,92b513cee3fab5a7ab9b617305c23b71"
                ],
                "1": [
                    "X_pca-SRR28679756_umap.pkl:md5,9d0a3c129bc3e3c53cbf07a7ae8ff980",
                    "X_pca-SRR28679757_umap.pkl:md5,5f7237f6798e4064708bdd2804020cf7",
                    "X_pca-SRR28679758_umap.pkl:md5,2a608d5c9d7f6cd0983196bbddb30d7a",
                    "X_pca-global_umap.pkl:md5,017c6b03c594021ac64c0c627342b3d3"
                ],
                "2": [
                    [
                        {
                            "id": "pca-SRR28679756",
                            "integration": "pca",
                            "subset": "SRR28679756"
                        },
                        "pca-SRR28679756_neighbors.h5ad:md5,4dc7ec3039f163265dcb756b2b948fe1"
                    ],
                    [
                        {
                            "id": "pca-SRR28679757",
                            "integration": "pca",
                            "subset": "SRR28679757"
                        },
                        "pca-SRR28679757_neighbors.h5ad:md5,9665908669dca5be8e1ee489f7c6fe88"
                    ],
                    [
                        {
                            "id": "pca-SRR28679758",
                            "integration": "pca",
                            "subset": "SRR28679758"
                        },
                        "pca-SRR28679758_neighbors.h5ad:md5,e60895df2df7e4b60da6602df5064673"
                    ],
                    [
                        {
                            "id": "pca-global",
                            "integration": "pca",
                            "subset": "global"
                        },
                        "pca-global_neighbors.h5ad:md5,50aa5bc4ca02da9aa5bc6cae4d25db92"
                    ]
                ],
                "3": [
                    [
                        {
                            "id": "pca-SRR28679756-0.5",
                            "integration": "pca",
                            "subset": "SRR28679756",
                            "resolution": "0.5"
                        },
                        "pca-SRR28679756-0.5_leiden.h5ad:md5,bd7947a08924d37971f9058a8c2b98ed"
                    ],
                    [
                        {
                            "id": "pca-SRR28679756-1",
                            "integration": "pca",
                            "subset": "SRR28679756",
                            "resolution": "1"
                        },
                        "pca-SRR28679756-1_leiden.h5ad:md5,b2b976f502df1dd365a58043c5779ea4"
                    ],
                    [
                        {
                            "id": "pca-SRR28679757-0.5",
                            "integration": "pca",
                            "subset": "SRR28679757",
                            "resolution": "0.5"
                        },
                        "pca-SRR28679757-0.5_leiden.h5ad:md5,6eae3a9f3638952745a4523491c51d8b"
                    ],
                    [
                        {
                            "id": "pca-SRR28679757-1",
                            "integration": "pca",
                            "subset": "SRR28679757",
                            "resolution": "1"
                        },
                        "pca-SRR28679757-1_leiden.h5ad:md5,bfe2b6c19052c33228a42a26c1850c0c"
                    ],
                    [
                        {
                            "id": "pca-SRR28679758-0.5",
                            "integration": "pca",
                            "subset": "SRR28679758",
                            "resolution": "0.5"
                        },
                        "pca-SRR28679758-0.5_leiden.h5ad:md5,37ea60fdb1daa7db9114b19cb41bcd01"
                    ],
                    [
                        {
                            "id": "pca-SRR28679758-1",
                            "integration": "pca",
                            "subset": "SRR28679758",
                            "resolution": "1"
                        },
                        "pca-SRR28679758-1_leiden.h5ad:md5,63bd339aab011b9b25df402fdbe29147"
                    ],
                    [
                        {
                            "id": "pca-global-0.5",
                            "integration": "pca",
                            "subset": "global",
                            "resolution": "0.5"
                        },
                        "pca-global-0.5_leiden.h5ad:md5,929ed6e73c47cba190e707a2784f6c07"
                    ],
                    [
                        {
                            "id": "pca-global-1",
                            "integration": "pca",
                            "subset": "global",
                            "resolution": "1"
                        },
                        "pca-global-1_leiden.h5ad:md5,ede0676afe3a9e60187c421f4964d44e"
                    ]
                ],
                "4": [
                    "pca-SRR28679756-0.5_entropy_mqc.json:md5,cd198e78d2f0680a2858348a2c41dd1e",
                    "pca-SRR28679756-0.5_leiden_mqc.json:md5,ce16db06ade551eee33683c82083b2d6",
                    "pca-SRR28679756-1_entropy_mqc.json:md5,f64d55c31d446f08a307746342c50cf5",
                    "pca-SRR28679756-1_leiden_mqc.json:md5,5273f6a1572eb3e550f97ae5306e9849",
                    "pca-SRR28679757-0.5_entropy_mqc.json:md5,7abf6399423e8ec72cefde07d46a3706",
                    "pca-SRR28679757-0.5_leiden_mqc.json:md5,b1b337e39bc3f44b88d7690951ccfbd6",
                    "pca-SRR28679757-1_entropy_mqc.json:md5,e8809a8793c1d884985d9ca3b9e7021c",
                    "pca-SRR28679757-1_leiden_mqc.json:md5,ea4bb012b119eb25d2298d940dad4d42",
                    "pca-SRR28679758-0.5_entropy_mqc.json:md5,0e0f53cd2c0e47a3837e32182a846418",
                    "pca-SRR28679758-0.5_leiden_mqc.json:md5,e770dd5bf0ed7bc8874b93cc2618245b",
                    "pca-SRR28679758-1_entropy_mqc.json:md5,e56f429eb4362280f4d1e40f45cc5a65",
                    "pca-SRR28679758-1_leiden_mqc.json:md5,d56619d638c450290269d898c6b894d1",
                    "pca-global-0.5_entropy_mqc.json:md5,707d5664a8526134a27c658f4ac8bf84",
                    "pca-global-0.5_leiden_mqc.json:md5,8d0a52bdea58b326c416136fdaea7041",
                    "pca-global-1_entropy_mqc.json:md5,864fbdf696251ea9a2fe61c0849443d1",
                    "pca-global-1_leiden_mqc.json:md5,579603342b0087e66d36d7766fada02e"
                ],
                "5": [
                    "versions.yml:md5,6a842ca07b6aa3c3d241aeb4f14e78ef",
                    "versions.yml:md5,6a842ca07b6aa3c3d241aeb4f14e78ef",
                    "versions.yml:md5,6a842ca07b6aa3c3d241aeb4f14e78ef",
                    "versions.yml:md5,6a842ca07b6aa3c3d241aeb4f14e78ef",
                    "versions.yml:md5,71308492f6b0774e6c3236e7a9537663",
                    "versions.yml:md5,71308492f6b0774e6c3236e7a9537663",
                    "versions.yml:md5,71308492f6b0774e6c3236e7a9537663",
                    "versions.yml:md5,71308492f6b0774e6c3236e7a9537663",
                    "versions.yml:md5,71308492f6b0774e6c3236e7a9537663",
                    "versions.yml:md5,71308492f6b0774e6c3236e7a9537663",
                    "versions.yml:md5,71308492f6b0774e6c3236e7a9537663",
                    "versions.yml:md5,71308492f6b0774e6c3236e7a9537663",
                    "versions.yml:md5,7a41b3efa8ff7c6b3f4d554e8a96bfd8",
                    "versions.yml:md5,7a41b3efa8ff7c6b3f4d554e8a96bfd8",
                    "versions.yml:md5,7a41b3efa8ff7c6b3f4d554e8a96bfd8",
                    "versions.yml:md5,7a41b3efa8ff7c6b3f4d554e8a96bfd8",
                    "versions.yml:md5,7a41b3efa8ff7c6b3f4d554e8a96bfd8",
                    "versions.yml:md5,7a41b3efa8ff7c6b3f4d554e8a96bfd8",
                    "versions.yml:md5,7a41b3efa8ff7c6b3f4d554e8a96bfd8",
                    "versions.yml:md5,7a41b3efa8ff7c6b3f4d554e8a96bfd8",
                    "versions.yml:md5,9ddeac82619f47bf04dd5b85733bb467",
                    "versions.yml:md5,fef5bde4d5e63f2d266d8b0d2d158a0d",
                    "versions.yml:md5,fef5bde4d5e63f2d266d8b0d2d158a0d",
                    "versions.yml:md5,fef5bde4d5e63f2d266d8b0d2d158a0d",
                    "versions.yml:md5,fef5bde4d5e63f2d266d8b0d2d158a0d"
                ],
                "h5ad_clustering": [
                    [
                        {
                            "id": "pca-SRR28679756-0.5",
                            "integration": "pca",
                            "subset": "SRR28679756",
                            "resolution": "0.5"
                        },
                        "pca-SRR28679756-0.5_leiden.h5ad:md5,bd7947a08924d37971f9058a8c2b98ed"
                    ],
                    [
                        {
                            "id": "pca-SRR28679756-1",
                            "integration": "pca",
                            "subset": "SRR28679756",
                            "resolution": "1"
                        },
                        "pca-SRR28679756-1_leiden.h5ad:md5,b2b976f502df1dd365a58043c5779ea4"
                    ],
                    [
                        {
                            "id": "pca-SRR28679757-0.5",
                            "integration": "pca",
                            "subset": "SRR28679757",
                            "resolution": "0.5"
                        },
                        "pca-SRR28679757-0.5_leiden.h5ad:md5,6eae3a9f3638952745a4523491c51d8b"
                    ],
                    [
                        {
                            "id": "pca-SRR28679757-1",
                            "integration": "pca",
                            "subset": "SRR28679757",
                            "resolution": "1"
                        },
                        "pca-SRR28679757-1_leiden.h5ad:md5,bfe2b6c19052c33228a42a26c1850c0c"
                    ],
                    [
                        {
                            "id": "pca-SRR28679758-0.5",
                            "integration": "pca",
                            "subset": "SRR28679758",
                            "resolution": "0.5"
                        },
                        "pca-SRR28679758-0.5_leiden.h5ad:md5,37ea60fdb1daa7db9114b19cb41bcd01"
                    ],
                    [
                        {
                            "id": "pca-SRR28679758-1",
                            "integration": "pca",
                            "subset": "SRR28679758",
                            "resolution": "1"
                        },
                        "pca-SRR28679758-1_leiden.h5ad:md5,63bd339aab011b9b25df402fdbe29147"
                    ],
                    [
                        {
                            "id": "pca-global-0.5",
                            "integration": "pca",
                            "subset": "global",
                            "resolution": "0.5"
                        },
                        "pca-global-0.5_leiden.h5ad:md5,929ed6e73c47cba190e707a2784f6c07"
                    ],
                    [
                        {
                            "id": "pca-global-1",
                            "integration": "pca",
                            "subset": "global",
                            "resolution": "1"
                        },
                        "pca-global-1_leiden.h5ad:md5,ede0676afe3a9e60187c421f4964d44e"
                    ]
                ],
                "h5ad_neighbors": [
                    [
                        {
                            "id": "pca-SRR28679756",
                            "integration": "pca",
                            "subset": "SRR28679756"
                        },
                        "pca-SRR28679756_neighbors.h5ad:md5,4dc7ec3039f163265dcb756b2b948fe1"
                    ],
                    [
                        {
                            "id": "pca-SRR28679757",
                            "integration": "pca",
                            "subset": "SRR28679757"
                        },
                        "pca-SRR28679757_neighbors.h5ad:md5,9665908669dca5be8e1ee489f7c6fe88"
                    ],
                    [
                        {
                            "id": "pca-SRR28679758",
                            "integration": "pca",
                            "subset": "SRR28679758"
                        },
                        "pca-SRR28679758_neighbors.h5ad:md5,e60895df2df7e4b60da6602df5064673"
                    ],
                    [
                        {
                            "id": "pca-global",
                            "integration": "pca",
                            "subset": "global"
                        },
                        "pca-global_neighbors.h5ad:md5,50aa5bc4ca02da9aa5bc6cae4d25db92"
                    ]
                ],
                "multiqc_files": [
                    "pca-SRR28679756-0.5_entropy_mqc.json:md5,cd198e78d2f0680a2858348a2c41dd1e",
                    "pca-SRR28679756-0.5_leiden_mqc.json:md5,ce16db06ade551eee33683c82083b2d6",
                    "pca-SRR28679756-1_entropy_mqc.json:md5,f64d55c31d446f08a307746342c50cf5",
                    "pca-SRR28679756-1_leiden_mqc.json:md5,5273f6a1572eb3e550f97ae5306e9849",
                    "pca-SRR28679757-0.5_entropy_mqc.json:md5,7abf6399423e8ec72cefde07d46a3706",
                    "pca-SRR28679757-0.5_leiden_mqc.json:md5,b1b337e39bc3f44b88d7690951ccfbd6",
                    "pca-SRR28679757-1_entropy_mqc.json:md5,e8809a8793c1d884985d9ca3b9e7021c",
                    "pca-SRR28679757-1_leiden_mqc.json:md5,ea4bb012b119eb25d2298d940dad4d42",
                    "pca-SRR28679758-0.5_entropy_mqc.json:md5,0e0f53cd2c0e47a3837e32182a846418",
                    "pca-SRR28679758-0.5_leiden_mqc.json:md5,e770dd5bf0ed7bc8874b93cc2618245b",
                    "pca-SRR28679758-1_entropy_mqc.json:md5,e56f429eb4362280f4d1e40f45cc5a65",
                    "pca-SRR28679758-1_leiden_mqc.json:md5,d56619d638c450290269d898c6b894d1",
                    "pca-global-0.5_entropy_mqc.json:md5,707d5664a8526134a27c658f4ac8bf84",
                    "pca-global-0.5_leiden_mqc.json:md5,8d0a52bdea58b326c416136fdaea7041",
                    "pca-global-1_entropy_mqc.json:md5,864fbdf696251ea9a2fe61c0849443d1",
                    "pca-global-1_leiden_mqc.json:md5,579603342b0087e66d36d7766fada02e"
                ],
                "obs": [
                    "pca-SRR28679756-0.5_entropy.pkl:md5,05a119748224d95d6c7e53043cb256a7",
                    "pca-SRR28679756-0.5_leiden.pkl:md5,5379b15fefaf815a88ecef6e40aecfe0",
                    "pca-SRR28679756-1_entropy.pkl:md5,128288110b053217512209faec8d1a1b",
                    "pca-SRR28679756-1_leiden.pkl:md5,3ed6c1a1dfca761cbf5e094f73138884",
                    "pca-SRR28679757-0.5_entropy.pkl:md5,725f93e7c3136ede30371bc2a8e76c52",
                    "pca-SRR28679757-0.5_leiden.pkl:md5,e82dc7e48694e2926534e97a072e0239",
                    "pca-SRR28679757-1_entropy.pkl:md5,87e68050843603dcea4cb38f6e60078f",
                    "pca-SRR28679757-1_leiden.pkl:md5,c604ed2a32cfc3983cc609572ac9179e",
                    "pca-SRR28679758-0.5_entropy.pkl:md5,1deff5f1d5066735890029e60b6ce5fd",
                    "pca-SRR28679758-0.5_leiden.pkl:md5,0f10073bf6a96ac225fc061589675e69",
                    "pca-SRR28679758-1_entropy.pkl:md5,bac08e2f2d324c78719e405e7c727590",
                    "pca-SRR28679758-1_leiden.pkl:md5,550a7d73abf60f73f79704bc68626fc3",
                    "pca-global-0.5_entropy.pkl:md5,e3ba9d2b4d41a5373bac81cc6ae5141b",
                    "pca-global-0.5_leiden.pkl:md5,70b0272e988db5304f940cc4b265ac16",
                    "pca-global-1_entropy.pkl:md5,4150ab3d7e6802d66b6f18973eee8c75",
                    "pca-global-1_leiden.pkl:md5,92b513cee3fab5a7ab9b617305c23b71"
                ],
                "obsm": [
                    "X_pca-SRR28679756_umap.pkl:md5,9d0a3c129bc3e3c53cbf07a7ae8ff980",
                    "X_pca-SRR28679757_umap.pkl:md5,5f7237f6798e4064708bdd2804020cf7",
                    "X_pca-SRR28679758_umap.pkl:md5,2a608d5c9d7f6cd0983196bbddb30d7a",
                    "X_pca-global_umap.pkl:md5,017c6b03c594021ac64c0c627342b3d3"
                ],
                "versions": [
                    "versions.yml:md5,6a842ca07b6aa3c3d241aeb4f14e78ef",
                    "versions.yml:md5,6a842ca07b6aa3c3d241aeb4f14e78ef",
                    "versions.yml:md5,6a842ca07b6aa3c3d241aeb4f14e78ef",
                    "versions.yml:md5,6a842ca07b6aa3c3d241aeb4f14e78ef",
                    "versions.yml:md5,71308492f6b0774e6c3236e7a9537663",
                    "versions.yml:md5,71308492f6b0774e6c3236e7a9537663",
                    "versions.yml:md5,71308492f6b0774e6c3236e7a9537663",
                    "versions.yml:md5,71308492f6b0774e6c3236e7a9537663",
                    "versions.yml:md5,71308492f6b0774e6c3236e7a9537663",
                    "versions.yml:md5,71308492f6b0774e6c3236e7a9537663",
                    "versions.yml:md5,71308492f6b0774e6c3236e7a9537663",
                    "versions.yml:md5,71308492f6b0774e6c3236e7a9537663",
                    "versions.yml:md5,7a41b3efa8ff7c6b3f4d554e8a96bfd8",
                    "versions.yml:md5,7a41b3efa8ff7c6b3f4d554e8a96bfd8",
                    "versions.yml:md5,7a41b3efa8ff7c6b3f4d554e8a96bfd8",
                    "versions.yml:md5,7a41b3efa8ff7c6b3f4d554e8a96bfd8",
                    "versions.yml:md5,7a41b3efa8ff7c6b3f4d554e8a96bfd8",
                    "versions.yml:md5,7a41b3efa8ff7c6b3f4d554e8a96bfd8",
                    "versions.yml:md5,7a41b3efa8ff7c6b3f4d554e8a96bfd8",
                    "versions.yml:md5,7a41b3efa8ff7c6b3f4d554e8a96bfd8",
                    "versions.yml:md5,9ddeac82619f47bf04dd5b85733bb467",
                    "versions.yml:md5,fef5bde4d5e63f2d266d8b0d2d158a0d",
                    "versions.yml:md5,fef5bde4d5e63f2d266d8b0d2d158a0d",
                    "versions.yml:md5,fef5bde4d5e63f2d266d8b0d2d158a0d",
                    "versions.yml:md5,fef5bde4d5e63f2d266d8b0d2d158a0d"
                ]
            }
        ],
        "meta": {
            "nf-test": "0.9.2",
            "nextflow": "25.04.6"
        },
        "timestamp": "2025-12-31T11:03:06.746706362"
    }
}