{
    "Should run without failures - stub": {
        "content": [
            {
                "0": [
                    [
                        {
                            "id": "test"
                        },
                        [
                            "A.h5ad:md5,d41d8cd98f00b204e9800998ecf8427e",
                            "B.h5ad:md5,d41d8cd98f00b204e9800998ecf8427e"
                        ]
                    ]
                ],
                "1": [
                    "versions.yml:md5,d41d8cd98f00b204e9800998ecf8427e"
                ],
                "h5ad": [
                    [
                        {
                            "id": "test"
                        },
                        [
                            "A.h5ad:md5,d41d8cd98f00b204e9800998ecf8427e",
                            "B.h5ad:md5,d41d8cd98f00b204e9800998ecf8427e"
                        ]
                    ]
                ],
                "versions": [
                    "versions.yml:md5,d41d8cd98f00b204e9800998ecf8427e"
                ]
            }
        ],
        "meta": {
            "nf-test": "0.9.0",
            "nextflow": "25.04.2"
        },
        "timestamp": "2025-06-03T07:41:44.383248073"
    },
    "Should run without failures": {
        "content": [
            {
                "0": [
                    [
                        {
                            "id": "test"
                        },
                        [
                            "SRR28679756_filtered.h5ad:md5,3e60e2801a8d80479cd071e78b417260",
                            "SRR28679757_filtered.h5ad:md5,bbad374742174973b37c4f86fdd2a15a",
                            "SRR28679758_filtered.h5ad:md5,a3eebf7760dbdc8d8f89757703d5f98e"
                        ]
                    ]
                ],
                "1": [
                    "versions.yml:md5,162f38efe97fc3cbec556bcbb037f5b7"
                ],
                "h5ad": [
                    [
                        {
                            "id": "test"
                        },
                        [
                            "SRR28679756_filtered.h5ad:md5,3e60e2801a8d80479cd071e78b417260",
                            "SRR28679757_filtered.h5ad:md5,bbad374742174973b37c4f86fdd2a15a",
                            "SRR28679758_filtered.h5ad:md5,a3eebf7760dbdc8d8f89757703d5f98e"
                        ]
                    ]
                ],
                "versions": [
                    "versions.yml:md5,162f38efe97fc3cbec556bcbb037f5b7"
                ]
            }
        ],
        "meta": {
            "nf-test": "0.9.2",
            "nextflow": "25.04.6"
        },
        "timestamp": "2025-12-30T17:35:02.485516086"
    }
}